******************************************************************************
                  TI ARM Linker PC v18.1.2                     
******************************************************************************
>> Linked Wed Mar 25 16:28:22 2020

OUTPUT FILE NAME:   <IoT1.out>
ENTRY POINT SYMBOL: "_c_int00_noargs"  address: 00005be1


MEMORY CONFIGURATION

         name            origin    length      used     unused   attr    fill
----------------------  --------  ---------  --------  --------  ----  --------
  FLASH                 00000000   00040000  00005dcb  0003a235  R  X
  SRAM                  20000000   00008000  000020ea  00005f16  RW X


SEGMENT ALLOCATION MAP

run origin  load origin   length   init length attrs members
----------  ----------- ---------- ----------- ----- -------
00000000    00000000    00005dd0   00005dd0    r-x
  00000000    00000000    0000026c   0000026c    r-- .intvecs
  0000026c    0000026c    00005a16   00005a16    r-x .text
  00005c82    00005c82    00000101   00000101    r-- .const
  00005d88    00005d88    00000048   00000048    r-- .cinit
20000000    20000000    000020ed   00000000    rw-
  20000000    20000000    00002000   00000000    rw- .stack
  20002000    20002000    000000c9   00000000    rw- .bss
  200020cc    200020cc    00000021   00000000    rw- .data


SECTION ALLOCATION MAP

 output                                  attributes/
section   page    origin      length       input sections
--------  ----  ----------  ----------   ----------------
.intvecs   0    00000000    0000026c     
                  00000000    0000026c     tm4c123gh6pm_startup_ccs.obj (.intvecs)

.text      0    0000026c    00005a16     
                  0000026c    000037d0     eth0.obj (.text)
                  00003a3c    00000d10     ethernet.obj (.text)
                  0000474c    000007d8     gpio.obj (.text)
                  00004f24    00000614     uart0.obj (.text)
                  00005538    00000338     Timer.obj (.text)
                  00005870    00000160     spi0.obj (.text)
                  000059d0    0000009c     rtsv7M4_T_le_v4SPD16_eabi.lib : memcpy_t2.asm.obj (.text)
                  00005a6c    0000007a                                   : memset_t2.asm.obj (.text)
                  00005ae6    00000068                                   : copy_decompress_lzss.c.obj (.text:decompress:lzss:__TI_decompress_lzss)
                  00005b4e    00000002     --HOLE-- [fill = 0]
                  00005b50    0000004c                                   : atoi.c.obj (.text:atoi)
                  00005b9c    00000044                                   : autoinit.c.obj (.text:__TI_auto_init_nobinit_nopinit:__TI_auto_init_nobinit_nopinit)
                  00005be0    00000038                                   : boot_cortex_m.c.obj (.text:_c_int00_noargs:_c_int00_noargs)
                  00005c18    00000024     wait.obj (.text)
                  00005c3c    00000012     rtsv7M4_T_le_v4SPD16_eabi.lib : copy_zero_init.c.obj (.text:decompress:ZI:__TI_zero_init_nomemset:__TI_zero_init_nomemset)
                  00005c4e    00000002     --HOLE-- [fill = 0]
                  00005c50    00000010                                   : tolower.c.obj (.text:tolower)
                  00005c60    0000000e                                   : copy_decompress_none.c.obj (.text:decompress:none:__TI_decompress_none)
                  00005c6e    0000000c     tm4c123gh6pm_startup_ccs.obj (.text)
                  00005c7a    00000004     rtsv7M4_T_le_v4SPD16_eabi.lib : pre_init.c.obj (.text:_system_pre_init)
                  00005c7e    00000004                                   : exit.c.obj (.text:abort:abort)

.const     0    00005c82    00000101     
                  00005c82    00000101     rtsv7M4_T_le_v4SPD16_eabi.lib : ctype.c.obj (.const:.string:_ctypes_)

.cinit     0    00005d88    00000048     
                  00005d88    0000001e     (.cinit..data.load) [load image, compression = lzss]
                  00005da6    00000002     --HOLE-- [fill = 0]
                  00005da8    0000000c     (__TI_handler_table)
                  00005db4    00000004     --HOLE-- [fill = 0]
                  00005db8    00000008     (.cinit..bss.load) [load image, compression = zero_init]
                  00005dc0    00000010     (__TI_cinit_table)

.init_array 
*          0    00000000    00000000     UNINITIALIZED

.bss       0    20002000    000000c9     UNINITIALIZED
                  20002000    00000028     (.common:fn)
                  20002028    00000028     (.common:period)
                  20002050    00000028     (.common:ticks)
                  20002078    00000014     uart0.obj (.bss:s$1)
                  2000208c    0000000c     (.common:reload)
                  20002098    00000008     (.common:etherOfferBuff)
                  200020a0    00000004     (.common:DhcpGiaddOffBuff)
                  200020a4    00000004     (.common:DhcpIpaddress)
                  200020a8    00000004     (.common:DhcpRoutOffBuff)
                  200020ac    00000004     (.common:DhcpSerIdOffBuff)
                  200020b0    00000004     (.common:DhcpSnOffBuff)
                  200020b4    00000004     (.common:DhcpYraddOffBuff)
                  200020b8    00000004     (.common:DhcpipGwAddress)
                  200020bc    00000004     (.common:PayloadSize)
                  200020c0    00000004     (.common:ipOfferBuff)
                  200020c4    00000004     (.common:sum)
                  200020c8    00000001     (.common:state)

.data      0    200020cc    00000021     UNINITIALIZED
                  200020cc    00000008     eth0.obj (.data)
                  200020d4    00000006     eth0.obj (.data:macAddress)
                  200020da    00000004     eth0.obj (.data:DNSAddress)
                  200020de    00000004     eth0.obj (.data:ipAddress)
                  200020e2    00000004     eth0.obj (.data:ipGwAddress)
                  200020e6    00000004     eth0.obj (.data:ipSubnetMask)
                  200020ea    00000003     ethernet.obj (.data)

.stack     0    20000000    00002000     UNINITIALIZED
                  20000000    00000004     rtsv7M4_T_le_v4SPD16_eabi.lib : boot_cortex_m.c.obj (.stack)
                  20000004    00001ffc     --HOLE--

MODULE SUMMARY

       Module                         code    ro data   rw data
       ------                         ----    -------   -------
    .\
       eth0.obj                       14288   0         78     
       ethernet.obj                   3344    0         4      
       gpio.obj                       2008    0         0      
       uart0.obj                      1556    0         20     
       Timer.obj                      824     0         132    
       tm4c123gh6pm_startup_ccs.obj   12      620       0      
       spi0.obj                       352     0         0      
       wait.obj                       36      0         0      
    +--+------------------------------+-------+---------+---------+
       Total:                         22420   620       234    
                                                               
    C:\Users\chaya kumar gowda\Documents\ccsv8\tools\compiler\ti-cgt-arm_18.1.2.LTS\lib\rtsv7M4_T_le_v4SPD16_eabi.lib
       ctype.c.obj                    0       257       0      
       memcpy_t2.asm.obj              156     0         0      
       memset_t2.asm.obj              122     0         0      
       copy_decompress_lzss.c.obj     104     0         0      
       atoi.c.obj                     76      0         0      
       autoinit.c.obj                 68      0         0      
       boot_cortex_m.c.obj            56      0         0      
       copy_zero_init.c.obj           18      0         0      
       tolower.c.obj                  16      0         0      
       copy_decompress_none.c.obj     14      0         0      
       exit.c.obj                     4       0         0      
       pre_init.c.obj                 4       0         0      
    +--+------------------------------+-------+---------+---------+
       Total:                         638     257       0      
                                                               
       Stack:                         0       0         8192   
       Linker Generated:              0       66        0      
    +--+------------------------------+-------+---------+---------+
       Grand Total:                   23058   943       8426   


LINKER GENERATED COPY TABLES

__TI_cinit_table @ 00005dc0 records: 2, size/record: 8, table size: 16
	.data: load addr=00005d88, load size=0000001e bytes, run addr=200020cc, run size=00000021 bytes, compression=lzss
	.bss: load addr=00005db8, load size=00000008 bytes, run addr=20002000, run size=000000c9 bytes, compression=zero_init


LINKER GENERATED HANDLER TABLE

__TI_handler_table @ 00005da8 records: 3, size/record: 4, table size: 12
	index: 0, handler: __TI_decompress_lzss
	index: 1, handler: __TI_decompress_none
	index: 2, handler: __TI_zero_init


GLOBAL SYMBOLS: SORTED ALPHABETICALLY BY Name 

address   name                          
-------   ----                          
00005c7f  C$$EXIT                       
000026ad  CollectDhcpAckData            
00001f41  CollectDhcpOfferData          
200020da  DNSAddress                    
200020a0  DhcpGiaddOffBuff              
200020a4  DhcpIpaddress                 
200020d0  DhcpOffLTime                  
200020a8  DhcpRoutOffBuff               
200020ac  DhcpSerIdOffBuff              
200020b0  DhcpSnOffBuff                 
200020b4  DhcpYraddOffBuff              
200020b8  DhcpipGwAddress               
00001899  ISTcpFinAck                   
00000ca3  IsArpResponse                 
00001191  IsDhcpAck                     
000012fb  IsDhcpNAck                    
00000fed  IsDhcpOffer                   
00001549  IsTcpAck                      
00001791  IsTcpFin                      
0000166d  IsTcpTelnet                   
200020bc  PayloadSize                   
00005c6f  ResetISR                      
00002981  SendDhcpRefresh               
00002281  SendDhcpRequest               
00002ef5  SendTcpAck                    
00003319  SendTcpFin                    
00003525  SendTcpLastAck                
00002cc1  SendTcpSynAckmessage          
00003115  SendTcpmessage                
00001405  TcpListen                     
20002000  __STACK_END                   
00002000  __STACK_SIZE                  
20000200  __STACK_TOP                   
00005dc0  __TI_CINIT_Base               
00005dd0  __TI_CINIT_Limit              
00005da8  __TI_Handler_Table_Base       
00005db4  __TI_Handler_Table_Limit      
00005b9d  __TI_auto_init_nobinit_nopinit
00005ae7  __TI_decompress_lzss          
00005c61  __TI_decompress_none          
ffffffff  __TI_pprof_out_hndl           
ffffffff  __TI_prof_data_size           
ffffffff  __TI_prof_data_start          
00000000  __TI_static_base__            
00005c3d  __TI_zero_init_nomemset       
00005a6d  __aeabi_memclr                
00005a6d  __aeabi_memclr4               
00005a6d  __aeabi_memclr8               
000059d1  __aeabi_memcpy                
000059d1  __aeabi_memcpy4               
000059d1  __aeabi_memcpy8               
00005a6f  __aeabi_memset                
00005a6f  __aeabi_memset4               
00005a6f  __aeabi_memset8               
ffffffff  __binit__                     
ffffffff  __c_args__                    
UNDEFED   __mpu_init                    
20000000  __stack                       
00005be1  _c_int00_noargs               
00005c82  _ctypes_                      
UNDEFED   _system_post_cinit            
00005c7b  _system_pre_init              
00005c7f  abort                         
00005b51  atoi                          
ffffffff  binit                         
00003d51  cb_init                       
00003d33  cb_rebind                     
00003d21  cb_renew                      
00003d1f  cb_request                    
00003ccd  cb_testIpTimer                
00003cb7  cbdiscover                    
200020cf  dhcpEnabled                   
00004d95  disablePinInterrupt           
00004ac9  disablePinPulldown            
00004a81  disablePinPullup              
00004809  disablePort                   
00003a73  displayConnectionInfo         
00004d71  enablePinInterrupt            
00004aa5  enablePinPulldown             
00004a55  enablePinPullup               
0000474d  enablePort                    
00000939  etherCalcIpChecksum           
0000032b  etherClearReg                 
00000283  etherCsOff                    
0000026d  etherCsOn                     
00003761  etherDisableDhcpMode          
00003759  etherEnableDhcpMode           
00003927  etherGetDNSAddress            
00003743  etherGetId                    
000037d1  etherGetIpAddress             
000038b5  etherGetIpGatewayAddress      
00003843  etherGetIpSubnetMask          
000039a3  etherGetMacAddress            
000006a5  etherGetPacket                
000019ad  etherGetUdpData               
0000374f  etherIncId                    
00000477  etherInit                     
00000bfb  etherIsArpRequest             
0000065b  etherIsDataAvailable          
00003769  etherIsDhcpEnabled            
000009c9  etherIsIp                     
00000a33  etherIsIpUnicast              
0000376f  etherIsIpValid                
00000641  etherIsLinkUp                 
00000675  etherIsOverflow               
00000a9b  etherIsPingRequest            
00000f43  etherIsUdp                    
20002098  etherOfferBuff                
00000791  etherPutPacket                
0000045f  etherReadMem                  
0000044d  etherReadMemStart             
0000046f  etherReadMemStop              
000003b3  etherReadPhy                  
000002c5  etherReadReg                  
00000e31  etherSendArpRequest           
00000d51  etherSendArpResponse          
00000ae9  etherSendPingResponse         
000019d9  etherSendUdpResponse          
0000035f  etherSetBank                  
000038ef  etherSetDNSAddress            
00003799  etherSetIpAddress             
0000387d  etherSetIpGatewayAddress      
0000380b  etherSetIpSubnetMask          
00003961  etherSetMacAddress            
000002f7  etherSetReg                   
00000873  etherSumWords                 
00000431  etherWriteMem                 
0000041f  etherWriteMemStart            
00000445  etherWriteMemStop             
0000037b  etherWritePhy                 
00000291  etherWriteReg                 
20002000  fn                            
00000000  g_pfnVectors                  
000008ed  getEtherChecksum              
000054eb  getFieldInteger               
000054cb  getFieldString                
00004ddf  getPinValue                   
00004e95  getPortValue                  
0000502d  getcUart0                     
00005163  getsUart0                     
00000971  htons                         
00000995  htons32                       
00003c49  initEeprom                    
00003a3d  initHw                        
00005871  initSpi0                      
00004f25  initUart0                     
200020ec  initflag                      
00005539  initimer                      
200020de  ipAddress                     
200020e2  ipGwAddress                   
200020c0  ipOfferBuff                   
200020e6  ipSubnetMask                  
00005503  isCommand                     
0000505b  itostring                     
00005041  kbhitUart0                    
200020d4  macAddress                    
00003e1d  main                          
000059d1  memcpy                        
00005a75  memset                        
200020cc  nextPacketLsb                 
200020cd  nextPacketMsb                 
00005241  parseFields                   
20002028  period                        
00004fe5  putcUart0                     
00005001  putsUart0                     
00005833  random32                      
00003c91  readEeprom                    
000059a9  readSpi0Data                  
2000208c  reload                        
0000574b  restartTimer                  
00004989  selectPinAnalogInput          
00004925  selectPinDigitalInput         
00004ca5  selectPinInterruptBothEdges   
00004c55  selectPinInterruptFallingEdge 
00004cfd  selectPinInterruptHighLevel   
00004d37  selectPinInterruptLowLevel    
00004c05  selectPinInterruptRisingEdge  
000048d7  selectPinOpenDrainOutput      
00004889  selectPinPushPullOutput       
00001ba5  sendDHCPmessage               
200020ce  sequenceId                    
00004af1  setPinAuxFunction             
000049d9  setPinCommitControl           
00004db9  setPinValue                   
00004e11  setPortValue                  
0000590d  setSpi0BaudRate               
00005943  setSpi0Mode                   
00004fb9  setUart0BaudRate              
000055d9  startOneshotTimer             
0000565f  startPeriodicTimer            
200020c8  state                         
000056e5  stopTimer                     
00005101  stringcmp                     
200020c4  sum                           
200020eb  tcp                           
200020ea  tcpstate                      
000057b9  tickIsr                       
20002050  ticks                         
00005c51  tolower                       
00005c19  waitMicrosecond               
00003c5f  writeEeprom                   
00005991  writeSpi0Data                 


GLOBAL SYMBOLS: SORTED BY Symbol Address 

address   name                          
-------   ----                          
00000000  __TI_static_base__            
00000000  g_pfnVectors                  
0000026d  etherCsOn                     
00000283  etherCsOff                    
00000291  etherWriteReg                 
000002c5  etherReadReg                  
000002f7  etherSetReg                   
0000032b  etherClearReg                 
0000035f  etherSetBank                  
0000037b  etherWritePhy                 
000003b3  etherReadPhy                  
0000041f  etherWriteMemStart            
00000431  etherWriteMem                 
00000445  etherWriteMemStop             
0000044d  etherReadMemStart             
0000045f  etherReadMem                  
0000046f  etherReadMemStop              
00000477  etherInit                     
00000641  etherIsLinkUp                 
0000065b  etherIsDataAvailable          
00000675  etherIsOverflow               
000006a5  etherGetPacket                
00000791  etherPutPacket                
00000873  etherSumWords                 
000008ed  getEtherChecksum              
00000939  etherCalcIpChecksum           
00000971  htons                         
00000995  htons32                       
000009c9  etherIsIp                     
00000a33  etherIsIpUnicast              
00000a9b  etherIsPingRequest            
00000ae9  etherSendPingResponse         
00000bfb  etherIsArpRequest             
00000ca3  IsArpResponse                 
00000d51  etherSendArpResponse          
00000e31  etherSendArpRequest           
00000f43  etherIsUdp                    
00000fed  IsDhcpOffer                   
00001191  IsDhcpAck                     
000012fb  IsDhcpNAck                    
00001405  TcpListen                     
00001549  IsTcpAck                      
0000166d  IsTcpTelnet                   
00001791  IsTcpFin                      
00001899  ISTcpFinAck                   
000019ad  etherGetUdpData               
000019d9  etherSendUdpResponse          
00001ba5  sendDHCPmessage               
00001f41  CollectDhcpOfferData          
00002000  __STACK_SIZE                  
00002281  SendDhcpRequest               
000026ad  CollectDhcpAckData            
00002981  SendDhcpRefresh               
00002cc1  SendTcpSynAckmessage          
00002ef5  SendTcpAck                    
00003115  SendTcpmessage                
00003319  SendTcpFin                    
00003525  SendTcpLastAck                
00003743  etherGetId                    
0000374f  etherIncId                    
00003759  etherEnableDhcpMode           
00003761  etherDisableDhcpMode          
00003769  etherIsDhcpEnabled            
0000376f  etherIsIpValid                
00003799  etherSetIpAddress             
000037d1  etherGetIpAddress             
0000380b  etherSetIpSubnetMask          
00003843  etherGetIpSubnetMask          
0000387d  etherSetIpGatewayAddress      
000038b5  etherGetIpGatewayAddress      
000038ef  etherSetDNSAddress            
00003927  etherGetDNSAddress            
00003961  etherSetMacAddress            
000039a3  etherGetMacAddress            
00003a3d  initHw                        
00003a73  displayConnectionInfo         
00003c49  initEeprom                    
00003c5f  writeEeprom                   
00003c91  readEeprom                    
00003cb7  cbdiscover                    
00003ccd  cb_testIpTimer                
00003d1f  cb_request                    
00003d21  cb_renew                      
00003d33  cb_rebind                     
00003d51  cb_init                       
00003e1d  main                          
0000474d  enablePort                    
00004809  disablePort                   
00004889  selectPinPushPullOutput       
000048d7  selectPinOpenDrainOutput      
00004925  selectPinDigitalInput         
00004989  selectPinAnalogInput          
000049d9  setPinCommitControl           
00004a55  enablePinPullup               
00004a81  disablePinPullup              
00004aa5  enablePinPulldown             
00004ac9  disablePinPulldown            
00004af1  setPinAuxFunction             
00004c05  selectPinInterruptRisingEdge  
00004c55  selectPinInterruptFallingEdge 
00004ca5  selectPinInterruptBothEdges   
00004cfd  selectPinInterruptHighLevel   
00004d37  selectPinInterruptLowLevel    
00004d71  enablePinInterrupt            
00004d95  disablePinInterrupt           
00004db9  setPinValue                   
00004ddf  getPinValue                   
00004e11  setPortValue                  
00004e95  getPortValue                  
00004f25  initUart0                     
00004fb9  setUart0BaudRate              
00004fe5  putcUart0                     
00005001  putsUart0                     
0000502d  getcUart0                     
00005041  kbhitUart0                    
0000505b  itostring                     
00005101  stringcmp                     
00005163  getsUart0                     
00005241  parseFields                   
000054cb  getFieldString                
000054eb  getFieldInteger               
00005503  isCommand                     
00005539  initimer                      
000055d9  startOneshotTimer             
0000565f  startPeriodicTimer            
000056e5  stopTimer                     
0000574b  restartTimer                  
000057b9  tickIsr                       
00005833  random32                      
00005871  initSpi0                      
0000590d  setSpi0BaudRate               
00005943  setSpi0Mode                   
00005991  writeSpi0Data                 
000059a9  readSpi0Data                  
000059d1  __aeabi_memcpy                
000059d1  __aeabi_memcpy4               
000059d1  __aeabi_memcpy8               
000059d1  memcpy                        
00005a6d  __aeabi_memclr                
00005a6d  __aeabi_memclr4               
00005a6d  __aeabi_memclr8               
00005a6f  __aeabi_memset                
00005a6f  __aeabi_memset4               
00005a6f  __aeabi_memset8               
00005a75  memset                        
00005ae7  __TI_decompress_lzss          
00005b51  atoi                          
00005b9d  __TI_auto_init_nobinit_nopinit
00005be1  _c_int00_noargs               
00005c19  waitMicrosecond               
00005c3d  __TI_zero_init_nomemset       
00005c51  tolower                       
00005c61  __TI_decompress_none          
00005c6f  ResetISR                      
00005c7b  _system_pre_init              
00005c7f  C$$EXIT                       
00005c7f  abort                         
00005c82  _ctypes_                      
00005da8  __TI_Handler_Table_Base       
00005db4  __TI_Handler_Table_Limit      
00005dc0  __TI_CINIT_Base               
00005dd0  __TI_CINIT_Limit              
20000000  __stack                       
20000200  __STACK_TOP                   
20002000  __STACK_END                   
20002000  fn                            
20002028  period                        
20002050  ticks                         
2000208c  reload                        
20002098  etherOfferBuff                
200020a0  DhcpGiaddOffBuff              
200020a4  DhcpIpaddress                 
200020a8  DhcpRoutOffBuff               
200020ac  DhcpSerIdOffBuff              
200020b0  DhcpSnOffBuff                 
200020b4  DhcpYraddOffBuff              
200020b8  DhcpipGwAddress               
200020bc  PayloadSize                   
200020c0  ipOfferBuff                   
200020c4  sum                           
200020c8  state                         
200020cc  nextPacketLsb                 
200020cd  nextPacketMsb                 
200020ce  sequenceId                    
200020cf  dhcpEnabled                   
200020d0  DhcpOffLTime                  
200020d4  macAddress                    
200020da  DNSAddress                    
200020de  ipAddress                     
200020e2  ipGwAddress                   
200020e6  ipSubnetMask                  
200020ea  tcpstate                      
200020eb  tcp                           
200020ec  initflag                      
ffffffff  __TI_pprof_out_hndl           
ffffffff  __TI_prof_data_size           
ffffffff  __TI_prof_data_start          
ffffffff  __binit__                     
ffffffff  __c_args__                    
ffffffff  binit                         
UNDEFED   __mpu_init                    
UNDEFED   _system_post_cinit            

[202 symbols]
